ca65 V2.18 - N/A
Main file   : interrupt_test.a65
Current file: interrupt_test.a65

000000r 1                       .DATA
000000r 1                       .org $0000
000000  1  FF           result: .byte $ff
000001  1               
000001  1                       .CODE
000001  1                       .org $0400
000400  1                       .P02            ; disable 65SC02, 65C02 and 65816 instructions
000400  1  EA           start:  NOP
000401  1  4C 00 04             JMP start
000404  1               
000404  1               nmi_trap:
000404  1               irq_trap:
000404  1  EA                   NOP
000405  1  A9 00                LDA #0
000407  1  85 00                STA result
000409  1  40                   RTI
00040A  1               
00040A  1                       .segment "VECTORS"
00040A  1                       .org $fffa       ;vectors
00FFFA  1  04 04                .word   nmi_trap
00FFFC  1  00 04                .word   start
00FFFE  1  04 04                .word   irq_trap
00FFFE  1               
